package main

type A interface{}

type B interface{}

type C interface{}

type D struct {
	x interface{}
	y interface{}
}

type E struct {
	x interface{}
}

func main() {
	a0 := A([]string{"a", "b", "c"})
	var _ string = a0.([]string)[0]
	a1 := A([]bool{true, false})
	var _ bool = a1.([]bool)[0]

	b0 := B([3]string{"a", "b", "c"})
	var _ string = b0.([3]string)[0]
	b1 := A([]int{0, 1, 2})
	var _ int = b1.([]int)[0]

	c0 := C(map[string]int{
		"one": 1,
		"two": 2,
	})
	var _ int = c0.(map[string]int)["one"]

	d0 := D{}
	var _ string = d0.x.([]string)[0]
	var _ string = d0.y.([3]string)[0]
}
