package main

import "reflect"

func A(T interface{}) func(x interface{}) int {
	return func(x interface{}) int {
		return reflect.ValueOf(x).Len()
	}
}

func B(T interface{}) func(x interface{}) int {
	return func(x interface{}) int {
		return reflect.ValueOf(x).Len()
	}
}

func C(T interface{}, U interface{}) func(x interface{}) int {
	return func(x interface{}) int {
		return reflect.ValueOf(x).Len()
	}
}

func main() {}
