package main

import "reflect"

func A(T interface{}, x interface{}) {}

func B(T interface{}) interface{} {
	var x = reflect.Zero(reflect.TypeOf(T)).Interface()
	return x
}

func C(T interface{}, x interface{}) interface{} {
	return x
}

func D(T interface{}, U interface{}, x interface{}) interface{} {
	var y = reflect.Zero(reflect.TypeOf(U)).Interface()
	return y
}

func E(T interface{}, x interface{}) interface{} {
	var y = reflect.Zero(reflect.SliceOf(reflect.TypeOf(T))).Interface()
	return y
}

func main() {
}
