package main

type A struct {
	a interface{}
	b interface{}
	c interface{}
	d interface{}
	e interface{}
	f interface{}
	g interface{}
	h interface{}
	i interface{}
	j interface{}
	k interface{}
}

type B struct {
	a interface{}
	b interface{}
}

type C struct {
	nested struct {
		a interface{}
		b interface{}
	}
}

func main() {

}
